exports[`test About component should render as expected 1`] = `
<div>
  <h1
    className="heading">
    Hi Im Julien!
  </h1>
  <p
    className="bio">
     This section is all about me, yay!
  </p>
</div>
`;
